// Vitest Snapshot v1

exports[`should expand webkit user-select 1`] = `
[
  {
    "identifier": "_userSelect-none",
    "property": "userSelect",
    "pseudo": undefined,
    "rules": [
      "._userSelect-none{user-select:none;-webkit-user-select:none;}",
    ],
    "value": "none",
  },
]
`;
