// Vitest Snapshot v1, https://vitest.dev/guide/snapshot.html

exports[`extract-tests > converts a style object to class names 1`] = `":root ._bg-red{background-color:red;}"`;

exports[`extract-tests > converts a style object to class names 2`] = `":root ._transform-827061876{transform:rotateY(10deg);}"`;

exports[`extract-tests > converts a style object to class names 3`] = `":root ._bxsh-1807967691{box-shadow:0px 0px 10px rgba(255,0,0,1);}"`;

exports[`extract-tests > supports RTL properties 1`] = `
[
  {
    "identifier": "_paddingStart-100px",
    "property": "paddingStart",
    "pseudo": undefined,
    "rules": [
      ":root ._paddingStart-100px{padding-start:100px;}",
    ],
    "value": "100px",
  },
  {
    "identifier": "_paddingEnd-10px",
    "property": "paddingEnd",
    "pseudo": undefined,
    "rules": [
      ":root ._paddingEnd-10px{padding-end:10px;}",
    ],
    "value": "10px",
  },
  {
    "identifier": "_marginStart-50px",
    "property": "marginStart",
    "pseudo": undefined,
    "rules": [
      ":root ._marginStart-50px{margin-start:50px;}",
    ],
    "value": "50px",
  },
  {
    "identifier": "_marginEnd-2px",
    "property": "marginEnd",
    "pseudo": undefined,
    "rules": [
      ":root ._marginEnd-2px{margin-end:2px;}",
    ],
    "value": "2px",
  },
]
`;
