// Vitest Snapshot v1

exports[`flatten-tests > flattened media queries 1`] = `
"import { StyleSheet as ReactNativeStyleSheet } from 'react-native';
const _sheet = ReactNativeStyleSheet.create({
  \\"0\\": {},
  \\"1\\": {
    \\"alignItems\\": \\"stretch\\",
    \\"flexShrink\\": 0,
    \\"display\\": \\"flex\\",
    \\"flexBasis\\": \\"auto\\",
    \\"position\\": \\"relative\\",
    \\"minHeight\\": 0,
    \\"minWidth\\": 0,
    \\"flexDirection\\": \\"column\\",
    \\"transform\\": [{
      \\"translateY\\": 10
    }, {
      \\"translateX\\": 20
    }, {
      \\"rotate\\": \\"10deg\\"
    }]
  },
  \\"2\\": {
    \\"borderTopLeftRadius\\": 10,
    \\"borderTopRightRadius\\": 10,
    \\"borderBottomRightRadius\\": 10,
    \\"borderBottomLeftRadius\\": 10,
    \\"transform\\": [{
      \\"scale\\": 2
    }]
  },
  \\"3\\": {},
  \\"4\\": {
    \\"backgroundColor\\": \\"rgba(255,0,0,1.00)\\"
  },
  \\"5\\": {},
  \\"6\\": {
    \\"backgroundColor\\": \\"rgba(0,0,255,1.00)\\"
  },
  \\"7\\": {}
});
import { View as __ReactNativeView, Text as __ReactNativeText } from 'react-native';
import { YStack } from 'tamagui/src/YStack';
import { useMedia } from 'tamagui';
export function Test(isLoading) {
  const media = useMedia();
  return <__ReactNativeView style={[_sheet[\\"0\\"], _sheet[\\"1\\"], media.sm ? _sheet[\\"2\\"] : _sheet[\\"3\\"], media.sm && isLoading ? _sheet[\\"4\\"] : _sheet[\\"5\\"], media.sm && !isLoading ? _sheet[\\"6\\"] : _sheet[\\"7\\"]]} />;
}"
`;
