// Vitest Snapshot v1

exports[`styled() tests > extracts to className at call-site 1`] = `
"const _cn = \\"  _ai-stretch _fs-0 _dsp-flex _fb-auto _bxs-border-box _pos-relative _mih-0px _miw-0px _fd-column _bg-d0t1910317963 \\";
import { MyStack } from '@tamagui/test-design-system';
export function Test() {
  return <div className={_cn} />;
}"
`;

exports[`styled() tests > extracts to className at call-site 2`] = `
":root ._ai-stretch{align-items:stretch;}
:root ._fs-0{flex-shrink:0;}
:root ._dsp-flex{display:flex;}
:root ._fb-auto{flex-basis:auto;}
:root ._bxs-border-box{box-sizing:border-box;}
:root ._pos-relative{position:relative;}
:root ._mih-0px{min-height:0px;}
:root ._miw-0px{min-width:0px;}
:root ._fd-column{flex-direction:column;}
:root ._bg-d0t1910317963{background-color:rgba(0,128,0,1.00);}"
`;
