// Vitest Snapshot v1

exports[`snapshot 1`] = `
{
  "color": {
    "black": {
      "isVar": true,
      "key": "black",
      "name": "color-2",
      "val": "#000",
      "variable": "",
    },
    "white": {
      "isVar": true,
      "key": "white",
      "name": "color-1",
      "val": "#fff",
      "variable": "",
    },
  },
  "radius": {
    "0": {
      "isVar": true,
      "key": "0",
      "name": "radius-1",
      "val": 0,
      "variable": "",
    },
    "1": {
      "isVar": true,
      "key": "1",
      "name": "radius-2",
      "val": 3,
      "variable": "",
    },
    "10": {
      "isVar": true,
      "key": "10",
      "name": "radius-11",
      "val": 34,
      "variable": "",
    },
    "11": {
      "isVar": true,
      "key": "11",
      "name": "radius-12",
      "val": 42,
      "variable": "",
    },
    "12": {
      "isVar": true,
      "key": "12",
      "name": "radius-13",
      "val": 50,
      "variable": "",
    },
    "2": {
      "isVar": true,
      "key": "2",
      "name": "radius-3",
      "val": 5,
      "variable": "",
    },
    "3": {
      "isVar": true,
      "key": "3",
      "name": "radius-4",
      "val": 7,
      "variable": "",
    },
    "4": {
      "isVar": true,
      "key": "4",
      "name": "radius-5",
      "val": 9,
      "variable": "",
    },
    "5": {
      "isVar": true,
      "key": "5",
      "name": "radius-6",
      "val": 10,
      "variable": "",
    },
    "6": {
      "isVar": true,
      "key": "6",
      "name": "radius-7",
      "val": 16,
      "variable": "",
    },
    "7": {
      "isVar": true,
      "key": "7",
      "name": "radius-8",
      "val": 19,
      "variable": "",
    },
    "8": {
      "isVar": true,
      "key": "8",
      "name": "radius-9",
      "val": 22,
      "variable": "",
    },
    "9": {
      "isVar": true,
      "key": "9",
      "name": "radius-10",
      "val": 26,
      "variable": "",
    },
  },
  "size": {
    "0": {
      "isVar": true,
      "key": "0",
      "name": "size-1",
      "val": 0,
      "variable": "",
    },
    "0.25": {
      "isVar": true,
      "key": "0251a",
      "name": "size-2",
      "val": 2,
      "variable": "",
    },
    "0.5": {
      "isVar": true,
      "key": "051a",
      "name": "size-3",
      "val": 4,
      "variable": "",
    },
    "0.75": {
      "isVar": true,
      "key": "0751a",
      "name": "size-4",
      "val": 8,
      "variable": "",
    },
    "1": {
      "isVar": true,
      "key": "1",
      "name": "size-5",
      "val": 20,
      "variable": "",
    },
    "1.5": {
      "isVar": true,
      "key": "151a",
      "name": "size-6",
      "val": 24,
      "variable": "",
    },
    "10": {
      "isVar": true,
      "key": "10",
      "name": "size-19",
      "val": 104,
      "variable": "",
    },
    "11": {
      "isVar": true,
      "key": "11",
      "name": "size-20",
      "val": 124,
      "variable": "",
    },
    "12": {
      "isVar": true,
      "key": "12",
      "name": "size-21",
      "val": 144,
      "variable": "",
    },
    "13": {
      "isVar": true,
      "key": "13",
      "name": "size-22",
      "val": 164,
      "variable": "",
    },
    "14": {
      "isVar": true,
      "key": "14",
      "name": "size-23",
      "val": 184,
      "variable": "",
    },
    "15": {
      "isVar": true,
      "key": "15",
      "name": "size-24",
      "val": 204,
      "variable": "",
    },
    "16": {
      "isVar": true,
      "key": "16",
      "name": "size-25",
      "val": 224,
      "variable": "",
    },
    "17": {
      "isVar": true,
      "key": "17",
      "name": "size-26",
      "val": 224,
      "variable": "",
    },
    "18": {
      "isVar": true,
      "key": "18",
      "name": "size-27",
      "val": 244,
      "variable": "",
    },
    "19": {
      "isVar": true,
      "key": "19",
      "name": "size-28",
      "val": 264,
      "variable": "",
    },
    "2": {
      "isVar": true,
      "key": "2",
      "name": "size-7",
      "val": 28,
      "variable": "",
    },
    "2.5": {
      "isVar": true,
      "key": "251a",
      "name": "size-8",
      "val": 32,
      "variable": "",
    },
    "20": {
      "isVar": true,
      "key": "20",
      "name": "size-29",
      "val": 284,
      "variable": "",
    },
    "3": {
      "isVar": true,
      "key": "3",
      "name": "size-9",
      "val": 36,
      "variable": "",
    },
    "3.5": {
      "isVar": true,
      "key": "351a",
      "name": "size-10",
      "val": 40,
      "variable": "",
    },
    "4": {
      "isVar": true,
      "key": "4",
      "name": "size-11",
      "val": 44,
      "variable": "",
    },
    "4.5": {
      "isVar": true,
      "key": "451a",
      "name": "size-13",
      "val": 48,
      "variable": "",
    },
    "5": {
      "isVar": true,
      "key": "5",
      "name": "size-14",
      "val": 52,
      "variable": "",
    },
    "6": {
      "isVar": true,
      "key": "6",
      "name": "size-15",
      "val": 64,
      "variable": "",
    },
    "7": {
      "isVar": true,
      "key": "7",
      "name": "size-16",
      "val": 74,
      "variable": "",
    },
    "8": {
      "isVar": true,
      "key": "8",
      "name": "size-17",
      "val": 84,
      "variable": "",
    },
    "9": {
      "isVar": true,
      "key": "9",
      "name": "size-18",
      "val": 94,
      "variable": "",
    },
    "true": {
      "isVar": true,
      "key": "true",
      "name": "size-12",
      "val": 44,
      "variable": "",
    },
  },
  "space": {
    "-0": {
      "isVar": true,
      "key": "-0",
      "name": "space-30",
      "val": -0,
      "variable": "",
    },
    "-0.25": {
      "isVar": true,
      "key": "-0251a",
      "name": "space-31",
      "val": -0.16635532333438685,
      "variable": "",
    },
    "-0.5": {
      "isVar": true,
      "key": "-051a",
      "name": "space-32",
      "val": -0.6654212933375474,
      "variable": "",
    },
    "-0.75": {
      "isVar": true,
      "key": "-0751a",
      "name": "space-33",
      "val": -1.9962638800126422,
      "variable": "",
    },
    "-1": {
      "isVar": true,
      "key": "-1",
      "name": "space-34",
      "val": -2,
      "variable": "",
    },
    "-1.5": {
      "isVar": true,
      "key": "-151a",
      "name": "space-35",
      "val": -4,
      "variable": "",
    },
    "-10": {
      "isVar": true,
      "key": "-10",
      "name": "space-48",
      "val": -60,
      "variable": "",
    },
    "-11": {
      "isVar": true,
      "key": "-11",
      "name": "space-49",
      "val": -74,
      "variable": "",
    },
    "-12": {
      "isVar": true,
      "key": "-12",
      "name": "space-50",
      "val": -88,
      "variable": "",
    },
    "-13": {
      "isVar": true,
      "key": "-13",
      "name": "space-51",
      "val": -102,
      "variable": "",
    },
    "-14": {
      "isVar": true,
      "key": "-14",
      "name": "space-52",
      "val": -116,
      "variable": "",
    },
    "-15": {
      "isVar": true,
      "key": "-15",
      "name": "space-53",
      "val": -130,
      "variable": "",
    },
    "-16": {
      "isVar": true,
      "key": "-16",
      "name": "space-54",
      "val": -144,
      "variable": "",
    },
    "-17": {
      "isVar": true,
      "key": "-17",
      "name": "space-55",
      "val": -144,
      "variable": "",
    },
    "-18": {
      "isVar": true,
      "key": "-18",
      "name": "space-56",
      "val": -158,
      "variable": "",
    },
    "-19": {
      "isVar": true,
      "key": "-19",
      "name": "space-57",
      "val": -172,
      "variable": "",
    },
    "-2": {
      "isVar": true,
      "key": "-2",
      "name": "space-36",
      "val": -7,
      "variable": "",
    },
    "-2.5": {
      "isVar": true,
      "key": "-251a",
      "name": "space-37",
      "val": -10,
      "variable": "",
    },
    "-20": {
      "isVar": true,
      "key": "-20",
      "name": "space-58",
      "val": -186,
      "variable": "",
    },
    "-3": {
      "isVar": true,
      "key": "-3",
      "name": "space-38",
      "val": -13,
      "variable": "",
    },
    "-3.5": {
      "isVar": true,
      "key": "-351a",
      "name": "space-39",
      "val": -16,
      "variable": "",
    },
    "-4": {
      "isVar": true,
      "key": "-4",
      "name": "space-40",
      "val": -18,
      "variable": "",
    },
    "-4.5": {
      "isVar": true,
      "key": "-451a",
      "name": "space-42",
      "val": -21,
      "variable": "",
    },
    "-5": {
      "isVar": true,
      "key": "-5",
      "name": "space-43",
      "val": -24,
      "variable": "",
    },
    "-6": {
      "isVar": true,
      "key": "-6",
      "name": "space-44",
      "val": -32,
      "variable": "",
    },
    "-7": {
      "isVar": true,
      "key": "-7",
      "name": "space-45",
      "val": -39,
      "variable": "",
    },
    "-8": {
      "isVar": true,
      "key": "-8",
      "name": "space-46",
      "val": -46,
      "variable": "",
    },
    "-9": {
      "isVar": true,
      "key": "-9",
      "name": "space-47",
      "val": -53,
      "variable": "",
    },
    "-true": {
      "isVar": true,
      "key": "-true",
      "name": "space-41",
      "val": -18,
      "variable": "",
    },
    "0": {
      "isVar": true,
      "key": "0",
      "name": "space-1",
      "val": 0,
      "variable": "",
    },
    "0.25": {
      "isVar": true,
      "key": "0251a",
      "name": "space-2",
      "val": 0.16635532333438685,
      "variable": "",
    },
    "0.5": {
      "isVar": true,
      "key": "051a",
      "name": "space-3",
      "val": 0.6654212933375474,
      "variable": "",
    },
    "0.75": {
      "isVar": true,
      "key": "0751a",
      "name": "space-4",
      "val": 1.9962638800126422,
      "variable": "",
    },
    "1": {
      "isVar": true,
      "key": "1",
      "name": "space-5",
      "val": 2,
      "variable": "",
    },
    "1.5": {
      "isVar": true,
      "key": "151a",
      "name": "space-6",
      "val": 4,
      "variable": "",
    },
    "10": {
      "isVar": true,
      "key": "10",
      "name": "space-19",
      "val": 60,
      "variable": "",
    },
    "11": {
      "isVar": true,
      "key": "11",
      "name": "space-20",
      "val": 74,
      "variable": "",
    },
    "12": {
      "isVar": true,
      "key": "12",
      "name": "space-21",
      "val": 88,
      "variable": "",
    },
    "13": {
      "isVar": true,
      "key": "13",
      "name": "space-22",
      "val": 102,
      "variable": "",
    },
    "14": {
      "isVar": true,
      "key": "14",
      "name": "space-23",
      "val": 116,
      "variable": "",
    },
    "15": {
      "isVar": true,
      "key": "15",
      "name": "space-24",
      "val": 130,
      "variable": "",
    },
    "16": {
      "isVar": true,
      "key": "16",
      "name": "space-25",
      "val": 144,
      "variable": "",
    },
    "17": {
      "isVar": true,
      "key": "17",
      "name": "space-26",
      "val": 144,
      "variable": "",
    },
    "18": {
      "isVar": true,
      "key": "18",
      "name": "space-27",
      "val": 158,
      "variable": "",
    },
    "19": {
      "isVar": true,
      "key": "19",
      "name": "space-28",
      "val": 172,
      "variable": "",
    },
    "2": {
      "isVar": true,
      "key": "2",
      "name": "space-7",
      "val": 7,
      "variable": "",
    },
    "2.5": {
      "isVar": true,
      "key": "251a",
      "name": "space-8",
      "val": 10,
      "variable": "",
    },
    "20": {
      "isVar": true,
      "key": "20",
      "name": "space-29",
      "val": 186,
      "variable": "",
    },
    "3": {
      "isVar": true,
      "key": "3",
      "name": "space-9",
      "val": 13,
      "variable": "",
    },
    "3.5": {
      "isVar": true,
      "key": "351a",
      "name": "space-10",
      "val": 16,
      "variable": "",
    },
    "4": {
      "isVar": true,
      "key": "4",
      "name": "space-11",
      "val": 18,
      "variable": "",
    },
    "4.5": {
      "isVar": true,
      "key": "451a",
      "name": "space-13",
      "val": 21,
      "variable": "",
    },
    "5": {
      "isVar": true,
      "key": "5",
      "name": "space-14",
      "val": 24,
      "variable": "",
    },
    "6": {
      "isVar": true,
      "key": "6",
      "name": "space-15",
      "val": 32,
      "variable": "",
    },
    "7": {
      "isVar": true,
      "key": "7",
      "name": "space-16",
      "val": 39,
      "variable": "",
    },
    "8": {
      "isVar": true,
      "key": "8",
      "name": "space-17",
      "val": 46,
      "variable": "",
    },
    "9": {
      "isVar": true,
      "key": "9",
      "name": "space-18",
      "val": 53,
      "variable": "",
    },
    "true": {
      "isVar": true,
      "key": "true",
      "name": "space-12",
      "val": 18,
      "variable": "",
    },
  },
  "zIndex": {
    "0": {
      "isVar": true,
      "key": "0",
      "name": "zIndex-1",
      "val": 0,
      "variable": "",
    },
    "1": {
      "isVar": true,
      "key": "1",
      "name": "zIndex-2",
      "val": 100,
      "variable": "",
    },
    "2": {
      "isVar": true,
      "key": "2",
      "name": "zIndex-3",
      "val": 200,
      "variable": "",
    },
    "3": {
      "isVar": true,
      "key": "3",
      "name": "zIndex-4",
      "val": 300,
      "variable": "",
    },
    "4": {
      "isVar": true,
      "key": "4",
      "name": "zIndex-5",
      "val": 400,
      "variable": "",
    },
    "5": {
      "isVar": true,
      "key": "5",
      "name": "zIndex-6",
      "val": 500,
      "variable": "",
    },
  },
}
`;
