// Jest Snapshot v1, https://goo.gl/fbAQLP

exports[`transforming actual files test 1`] = `
"import foo, { bar } from "./modules/module.mjs";
import { foo as foo2 } from "./modules/module.mjs";
import * as someModule from "./modules/module.mjs";
import { foo as cjsFoo } from "./modules/cjs-module.mjs";
import { transform } from '@babel/core';

// Will be transformed if \`includePackages\` includes \`@babel/core\`.
import { transformFile } from "@babel/core/src/transform-file-browser.js";"
`;
